[www.elathemes.com/themes/lager/index04b9.html]
[www.elathemes.com/themes/lager/favicon.ico]
[backblue.gif]
[fade.gif]
[index.html]
[www.elathemes.com/themes/lager/css/bundle.min.css]
[www.elathemes.com/themes/lager/assets/images/gallery-2.jpg]
[www.elathemes.com/themes/lager/assets/images/gallery-3.jpg]
[www.elathemes.com/themes/lager/products-grid.html]
[www.elathemes.com/themes/lager/assets/images/project-1.jpg]
[www.elathemes.com/themes/lager/assets/images/project-2.jpg]
[www.elathemes.com/themes/lager/assets/images/project-3.jpg]
[www.elathemes.com/themes/lager/assets/images/project-4.jpg]
[www.elathemes.com/themes/lager/ideas.html]
[www.elathemes.com/themes/lager/assets/images/shop-1.jpg]
[www.elathemes.com/themes/lager/assets/images/shop-1-mobile.jpg]
[www.elathemes.com/themes/lager/assets/images/shop-2.jpg]
[www.elathemes.com/themes/lager/assets/images/shop-2-mobile.jpg]
[www.elathemes.com/themes/lager/assets/images/product-1.png]
[www.elathemes.com/themes/lager/assets/images/product-2.png]
[www.elathemes.com/themes/lager/assets/images/product-3.png]
[www.elathemes.com/themes/lager/assets/images/product-4.png]
[www.elathemes.com/themes/lager/assets/images/product-5.png]
[www.elathemes.com/themes/lager/assets/images/product-6.png]
[www.elathemes.com/themes/lager/assets/images/product-7.png]
[www.elathemes.com/themes/lager/assets/images/product-8.png]
[www.elathemes.com/themes/lager/assets/images/product-9.png]
[www.elathemes.com/themes/lager/product.html]
[www.elathemes.com/themes/lager/assets/images/product-10.png]
[www.elathemes.com/themes/lager/assets/images/product-11.png]
[www.elathemes.com/themes/lager/assets/images/product-12.png]
[www.elathemes.com/themes/lager/assets/images/product-10a.png]
[www.elathemes.com/themes/lager/assets/images/shop-3.jpg]
[www.elathemes.com/themes/lager/assets/images/shop-4.jpg]
[www.elathemes.com/themes/lager/assets/images/shop-5.jpg]
[www.elathemes.com/themes/lager/assets/images/cloth-1.jpg]
[www.elathemes.com/themes/lager/assets/images/cloth-2.jpg]
[www.elathemes.com/themes/lager/assets/images/cloth-3.jpg]
[www.elathemes.com/themes/lager/assets/images/cloth-4.jpg]
[www.elathemes.com/themes/lager/assets/images/cloth-5.jpg]
[www.elathemes.com/themes/lager/assets/images/cloth-6.jpg]
[www.elathemes.com/themes/lager/assets/images/cat-1.jpg]
[www.elathemes.com/themes/lager/assets/images/cat-2.jpg]
[www.elathemes.com/themes/lager/assets/images/shop-6.jpg]
[www.elathemes.com/themes/lager/assets/images/shop-7.jpg]
[www.elathemes.com/themes/lager/assets/images/shop-8.jpg]
[www.elathemes.com/themes/lager/assets/images/shop-9.jpg]
[www.elathemes.com/themes/lager/assets/images/block-1.png]
[www.elathemes.com/themes/lager/assets/images/blog-1.jpg]
[www.elathemes.com/themes/lager/assets/images/block-2.png]
[www.elathemes.com/themes/lager/assets/images/block-3.png]
[www.elathemes.com/themes/lager/assets/images/block-4.png]
[www.elathemes.com/themes/lager/assets/images/block-5.png]
[www.elathemes.com/themes/lager/article.html]
[www.elathemes.com/themes/lager/assets/images/blog-2.jpg]
[www.elathemes.com/themes/lager/assets/images/blog-3.jpg]
[www.elathemes.com/themes/lager/assets/images/blog-4.jpg]
[www.elathemes.com/themes/lager/blog-grid.html]
[www.elathemes.com/themes/lager/about.html]
[www.elathemes.com/themes/lager/assets/images/square-1.jpg]
[www.elathemes.com/themes/lager/assets/images/square-2.jpg]
[www.elathemes.com/themes/lager/assets/images/square-3.jpg]
[www.elathemes.com/themes/lager/assets/images/square-4.jpg]
[www.elathemes.com/themes/lager/assets/images/square-5.jpg]
[www.elathemes.com/themes/lager/assets/images/square-6.jpg]
[www.elathemes.com/themes/lager/assets/images/square-7.jpg]
[www.elathemes.com/themes/lager/assets/images/square-8.jpg]
[www.elathemes.com/themes/lager/assets/images/square-9.jpg]
[www.elathemes.com/themes/lager/assets/images/square-10.jpg]
[www.elathemes.com/themes/lager/assets/images/square-11.jpg]
[www.elathemes.com/themes/lager/assets/images/square-12.jpg]
[www.elathemes.com/themes/lager/index04b9.html]
[www.elathemes.com/themes/lager/fonts/glyphicons-halflings-regulard41d.eot]
[www.elathemes.com/themes/lager/fonts/glyphicons-halflings-regular.woff2]
[www.elathemes.com/themes/lager/fonts/glyphicons-halflings-regular.woff]
[www.elathemes.com/themes/lager/fonts/glyphicons-halflings-regular.ttf]
[www.elathemes.com/themes/lager/fonts/fontawesome-webfont3e6e.eot]
[www.elathemes.com/themes/lager/js/bundle.min.js]
[www.elathemes.com/themes/lager/fonts/fontawesome-webfontd41d.eot]
[www.elathemes.com/themes/lager/fonts/fontawesome-webfont3e6e.woff2]
[www.elathemes.com/themes/lager/fonts/fontawesome-webfont3e6e.woff]
[www.elathemes.com/themes/lager/fonts/fontawesome-webfont3e6e.ttf]
[www.elathemes.com/themes/lager/fonts/lager7be2.eot]
[www.elathemes.com/themes/lager/fonts/lager7be2.ttf]
[www.elathemes.com/themes/lager/fonts/lager7be2.woff]
[www.elathemes.com/themes/lager/css/img/sprite-skin-nice.png]
[www.elathemes.com/themes/lager/fonts/linearIcons54e9.eot]
[www.elathemes.com/themes/lager/fonts/linearIconsd41d.eot]
[www.elathemes.com/themes/lager/fonts/linearIcons54e9.woff2]
[www.elathemes.com/themes/lager/fonts/linearIcons54e9.woff]
[www.elathemes.com/themes/lager/fonts/linearIcons54e9.ttf]
[www.elathemes.com/themes/lager/css/img/grabbing.png]
[www.elathemes.com/themes/lager/css/img/loader.gif]
[www.elathemes.com/themes/lager/css/img/select.png]
[www.elathemes.com/themes/lager/css/img/bg.png]
[www.elathemes.com/themes/lager/css/bundle.min.css]
[www.elathemes.com/themes/lager/index.html]
[www.elathemes.com/themes/lager/category.html]
[www.elathemes.com/themes/lager/products-list.html]
[www.elathemes.com/themes/lager/products-grid.html]
[www.elathemes.com/themes/lager/assets/images/project-5.jpg]
[www.elathemes.com/themes/lager/assets/images/project-6.jpg]
[www.elathemes.com/themes/lager/assets/images/gallery-1.jpg]
[www.elathemes.com/themes/lager/ideas.html]
[www.elathemes.com/themes/lager/assets/images/logo-2.png]
[www.elathemes.com/themes/lager/assets/images/user-2.jpg]
[www.elathemes.com/themes/lager/product.html]
[www.elathemes.com/themes/lager/article.html]
[www.elathemes.com/themes/lager/blog-list.html]
[www.elathemes.com/themes/lager/assets/images/blog-5.jpg]
[www.elathemes.com/themes/lager/assets/images/blog-6.jpg]
[www.elathemes.com/themes/lager/assets/images/blog-7.jpg]
[www.elathemes.com/themes/lager/assets/images/blog-8.jpg]
[www.elathemes.com/themes/lager/blog-grid.html]
[www.elathemes.com/themes/lager/assets/images/gallery-4.jpg]
[www.elathemes.com/themes/lager/assets/images/map-lg.jpg]
[www.elathemes.com/themes/lager/assets/images/user-5.jpg]
[www.elathemes.com/themes/lager/assets/images/user-4.jpg]
[www.elathemes.com/themes/lager/assets/images/user-3.jpg]
[www.elathemes.com/themes/lager/contact.html]
[www.elathemes.com/themes/lager/assets/images/user-1.jpg]
[www.elathemes.com/themes/lager/about.html]
[www.elathemes.com/themes/lager/fonts/glyphicons-halflings-regular.svg]
[www.elathemes.com/themes/lager/fonts/fontawesome-webfont3e6e.svg]
[www.elathemes.com/themes/lager/fonts/lager7be2.svg]
[www.elathemes.com/themes/lager/fonts/linearIcons54e9.svg]
[www.elathemes.com/themes/lager/index.html]
[www.elathemes.com/themes/lager/category.html]
[www.elathemes.com/themes/lager/products-list.html]
[www.elathemes.com/themes/lager/blog-1.html]
[www.elathemes.com/themes/lager/$.html]
[www.elathemes.com/themes/lager/assets/images/blog-9.jpg]
[www.elathemes.com/themes/lager/blog-list.html]
[www.elathemes.com/themes/lager/assets/images/map-icon.png]
[www.elathemes.com/themes/lager/contact.html]
